--- STARTING BOOKINGS MODULE TESTS ---

[1] Setup: Creating Roles & Property...
